{
    "_readme": [
        "This file defines the test-env testing environment generation rules.",
        "Read more about it at https://github.com/lucatume/function-mocker.",
        "This file was automatically @generated."
    ],
    "name": "test-env",
    "source": [
        "../../_data/env/src/namespaced-functions.php"
    ],
    "destination": "tests/_output/test-8",
    "bootstrap": "bootstrap.php",
    "removeDocBlocks": false,
    "wrapInIf": true,
    "body": "copy",
    "autoload": true,
    "functions": {
        "Acme\\Company\\functionOne": {
            "removeDocBlocks": false,
            "body": "copy",
            "wrapInIf": true,
            "source": "../../../_data/env/src/namespaced-functions.php"
        },
        "Acme\\Company\\function_two": {
            "removeDocBlocks": false,
            "body": "copy",
            "wrapInIf": true,
            "source": "../../../_data/env/src/namespaced-functions.php"
        }
    },
    "classes": []
}