{
    "_readme": [
        "This file defines the test-env testing environment generation rules.",
        "Read more about it at https://github.com/lucatume/function-mocker.",
        "This file was automatically @generated."
    ],
    "name": "test-env",
    "source": [
        "../../_data/env/src/global-functions.php",
        "../../_data/env/src/namespaced-functions.php",
        "../../_data/env/src/ClassWPrivateMethods.php",
        "../../_data/env/src/ClassWFinalMethods.php"
    ],
    "bootstrap": "bootstrap.php",
    "removeDocBlocks": true,
    "wrapInIf": false,
    "body": "empty",
    "autoload": false,
    "functions": {
        "withDocBlock": {
            "removeDocBlocks": false,
            "body": "copy",
            "wrapInIf": true,
            "source": "../../../_data/env/src/global-functions.php"
        },
        "withoutDocBlock": {
            "removeDocBlocks": false,
            "body": "throw",
            "wrapInIf": false,
            "source": "../../../_data/env/src/global-functions.php"
        },
        "Acme\\Company\\functionOne": {
            "removeDocBlocks": false,
            "body": "copy",
            "wrapInIf": true,
            "source": "../../../_data/env/src/namespaced-functions.php"
        },
        "Acme\\Company\\function_two": {
            "removeDocBlocks": false,
            "body": "empty",
            "wrapInIf": true,
            "source": "../../../_data/env/src/namespaced-functions.php"
        }
    },
    "classes": {
        "Acme\\Company\\ClassWPrivateMethods": {
            "removeDocBlocks": false,
            "body": "throw",
            "wrapInIf": true,
            "autoload": true,
            "source": "../../../_data/env/src/ClassWPrivateMethods.php"
        },
        "Acme\\Company\\ClassWFinalMethods": {
            "removeDocBlocks": false,
            "body": "empty",
            "wrapInIf": false,
            "autoload": true,
            "source": "../../../_data/env/src/ClassWFinalMethods.php"
        }
    }
}