{
    "_readme": [
        "This file defines the test-env testing environment generation rules.",
        "Read more about it at https://github.com/lucatume/function-mocker.",
        "This file was automatically @generated."
    ],
    "name": "test-env",
    "source": [
        "../../_data/env/src/GlobalAbstractClass.php",
        "../../_data/env/src/NamespacedAbstractClass.php",
        "../../_data/env/src/GlobalInterface.php",
        "../../_data/env/src/NamespacedInterface.php",
        "../../_data/env/src/GlobalTrait.php",
        "../../_data/env/src/NamespacedTrait.php"
    ],
    "bootstrap": "bootstrap.php",
    "removeDocBlocks": false,
    "wrapInIf": true,
    "body": "copy",
    "autoload": true,
    "functions": [],
    "classes": {
        "GlobalAbstractClass": {
            "removeDocBlocks": false,
            "body": "copy",
            "wrapInIf": true,
            "autoload": true,
            "source": "../../../_data/env/src/GlobalAbstractClass.php"
        },
        "Acme\\Company\\NamespacedAbstractClass": {
            "removeDocBlocks": false,
            "body": "copy",
            "wrapInIf": true,
            "autoload": true,
            "source": "../../../_data/env/src/NamespacedAbstractClass.php"
        },
        "GlobalInterface": {
            "removeDocBlocks": false,
            "body": "copy",
            "wrapInIf": true,
            "autoload": true,
            "source": "../../../_data/env/src/GlobalInterface.php"
        },
        "Acme\\Company\\NamespacedInterface": {
            "removeDocBlocks": false,
            "body": "copy",
            "wrapInIf": true,
            "autoload": true,
            "source": "../../../_data/env/src/NamespacedInterface.php"
        },
        "GlobalTrait": {
            "removeDocBlocks": false,
            "body": "copy",
            "wrapInIf": true,
            "autoload": true,
            "source": "../../../_data/env/src/GlobalTrait.php"
        },
        "Acme\\Company\\NamespacedTrait": {
            "removeDocBlocks": false,
            "body": "copy",
            "wrapInIf": true,
            "autoload": true,
            "source": "../../../_data/env/src/NamespacedTrait.php"
        }
    }
}