{
    "_readme": [
        "This file defines the test-env testing environment generation rules.",
        "Read more about it at https://github.com/lucatume/function-mocker.",
        "This file was automatically @generated."
    ],
    "name": "test-env",
    "source": [
        "../../_data/env/src/ClassWPrivateMethods.php"
    ],
    "bootstrap": "bootstrap.php",
    "removeDocBlocks": false,
    "wrapInIf": true,
    "body": "copy",
    "autoload": true,
    "classes": {
        "Acme\\Company\\ClassWPrivateMethods": {
            "removeDocBlocks": false,
            "body": "copy",
            "wrapInIf": true,
            "autoload": true
        }
    }
}