{
	"_readme": [
		"This file defines the test-env testing environment generation rules.",
		"Read more about it at https://github.com/lucatume/function-mocker.",
		"This file was automatically @generated."
	],
	"name": "test-env",
	"source": [
		"../../_data/env/src/global-functions.php"
	],
	"bootstrap": "bootstrap.php",
	"remove-doc-blocks": false,
	"wrap-in-if": true,
	"body": "copy",
	"functions": {
		"withoutComments": {
			"removeDocBlocks": false,
			"body": "copy",
			"wrapInIf": true,
			"source": "../../_data/env/src/global-functions.php"
		},
		"withDocBlock": {
			"removeDocBlocks": false,
			"body": "copy",
			"wrapInIf": true,
			"source": "../../_data/env/src/global-functions.php"
		},
		"withoutDocBlock": {
			"removeDocBlocks": false,
			"body": "copy",
			"wrapInIf": true,
			"source": "../../_data/env/src/global-functions.php"
		}
	},
	"classes": {}
}